------------------------------------------------------------
Timing Analyzer Summary
------------------------------------------------------------

Type  : Slow 1100mV 85C Model Setup 'clock'
Slack : 0.347
TNS   : 0.000

Type  : Slow 1100mV 85C Model Hold 'clock'
Slack : 0.249
TNS   : 0.000

Type  : Slow 1100mV 85C Model Recovery 'clock'
Slack : 3.003
TNS   : 0.000

Type  : Slow 1100mV 85C Model Removal 'clock'
Slack : 0.646
TNS   : 0.000

Type  : Slow 1100mV 85C Model Minimum Pulse Width 'clock'
Slack : 2.280
TNS   : 0.000

Type  : Slow 1100mV 0C Model Setup 'clock'
Slack : 0.311
TNS   : 0.000

Type  : Slow 1100mV 0C Model Hold 'clock'
Slack : 0.264
TNS   : 0.000

Type  : Slow 1100mV 0C Model Recovery 'clock'
Slack : 3.175
TNS   : 0.000

Type  : Slow 1100mV 0C Model Removal 'clock'
Slack : 0.581
TNS   : 0.000

Type  : Slow 1100mV 0C Model Minimum Pulse Width 'clock'
Slack : 2.239
TNS   : 0.000

Type  : Fast 1100mV 85C Model Setup 'clock'
Slack : 3.099
TNS   : 0.000

Type  : Fast 1100mV 85C Model Hold 'clock'
Slack : 0.166
TNS   : 0.000

Type  : Fast 1100mV 85C Model Recovery 'clock'
Slack : 4.310
TNS   : 0.000

Type  : Fast 1100mV 85C Model Removal 'clock'
Slack : 0.429
TNS   : 0.000

Type  : Fast 1100mV 85C Model Minimum Pulse Width 'clock'
Slack : 2.405
TNS   : 0.000

Type  : Fast 1100mV 0C Model Setup 'clock'
Slack : 3.457
TNS   : 0.000

Type  : Fast 1100mV 0C Model Hold 'clock'
Slack : 0.142
TNS   : 0.000

Type  : Fast 1100mV 0C Model Recovery 'clock'
Slack : 4.634
TNS   : 0.000

Type  : Fast 1100mV 0C Model Removal 'clock'
Slack : 0.361
TNS   : 0.000

Type  : Fast 1100mV 0C Model Minimum Pulse Width 'clock'
Slack : 2.404
TNS   : 0.000

------------------------------------------------------------
