------------------------------------------------------------
Timing Analyzer Summary
------------------------------------------------------------

Type  : Slow 1100mV 85C Model Setup 'clock'
Slack : 4.455
TNS   : 0.000

Type  : Slow 1100mV 85C Model Hold 'clock'
Slack : 0.255
TNS   : 0.000

Type  : Slow 1100mV 85C Model Recovery 'clock'
Slack : 9.803
TNS   : 0.000

Type  : Slow 1100mV 85C Model Removal 'clock'
Slack : 0.985
TNS   : 0.000

Type  : Slow 1100mV 85C Model Minimum Pulse Width 'clock'
Slack : 0.571
TNS   : 0.000

Type  : Slow 1100mV 0C Model Setup 'clock'
Slack : 3.862
TNS   : 0.000

Type  : Slow 1100mV 0C Model Hold 'clock'
Slack : 0.239
TNS   : 0.000

Type  : Slow 1100mV 0C Model Recovery 'clock'
Slack : 10.163
TNS   : 0.000

Type  : Slow 1100mV 0C Model Removal 'clock'
Slack : 0.932
TNS   : 0.000

Type  : Slow 1100mV 0C Model Minimum Pulse Width 'clock'
Slack : 0.527
TNS   : 0.000

Type  : Fast 1100mV 85C Model Setup 'clock'
Slack : 10.922
TNS   : 0.000

Type  : Fast 1100mV 85C Model Hold 'clock'
Slack : 0.132
TNS   : 0.000

Type  : Fast 1100mV 85C Model Recovery 'clock'
Slack : 12.505
TNS   : 0.000

Type  : Fast 1100mV 85C Model Removal 'clock'
Slack : 0.473
TNS   : 0.000

Type  : Fast 1100mV 85C Model Minimum Pulse Width 'clock'
Slack : 0.890
TNS   : 0.000

Type  : Fast 1100mV 0C Model Setup 'clock'
Slack : 11.406
TNS   : 0.000

Type  : Fast 1100mV 0C Model Hold 'clock'
Slack : 0.120
TNS   : 0.000

Type  : Fast 1100mV 0C Model Recovery 'clock'
Slack : 13.088
TNS   : 0.000

Type  : Fast 1100mV 0C Model Removal 'clock'
Slack : 0.428
TNS   : 0.000

Type  : Fast 1100mV 0C Model Minimum Pulse Width 'clock'
Slack : 0.886
TNS   : 0.000

------------------------------------------------------------
