Analysis & Synthesis report for Project
Mon Jun 28 22:02:19 2021
Quartus Prime Version 19.1.0 Build 670 09/22/2019 SJ Lite Edition


---------------------
; Table of Contents ;
---------------------
  1. Legal Notice
  2. Analysis & Synthesis Summary
  3. Analysis & Synthesis Settings
  4. Parallel Compilation
  5. Analysis & Synthesis Source Files Read
  6. Analysis & Synthesis Resource Usage Summary
  7. Analysis & Synthesis Resource Utilization by Entity
  8. User-Specified and Inferred Latches
  9. Logic Cells Representing Combinational Loops
 10. General Register Statistics
 11. Multiplexer Restructuring Statistics (Restructuring Performed)
 12. Post-Synthesis Netlist Statistics for Top Partition
 13. Elapsed Time Per Partition
 14. Analysis & Synthesis Messages



----------------
; Legal Notice ;
----------------
Copyright (C) 2019  Intel Corporation. All rights reserved.
Your use of Intel Corporation's design tools, logic functions 
and other software and tools, and any partner logic 
functions, and any output files from any of the foregoing 
(including device programming or simulation files), and any 
associated documentation or information are expressly subject 
to the terms and conditions of the Intel Program License 
Subscription Agreement, the Intel Quartus Prime License Agreement,
the Intel FPGA IP License Agreement, or other applicable license
agreement, including, without limitation, that your use is for
the sole purpose of programming logic devices manufactured by
Intel and sold by Intel or its authorized distributors.  Please
refer to the applicable agreement for further details, at
https://fpgasoftware.intel.com/eula.



+-------------------------------------------------------------------------------+
; Analysis & Synthesis Summary                                                  ;
+---------------------------------+---------------------------------------------+
; Analysis & Synthesis Status     ; Successful - Mon Jun 28 22:02:19 2021       ;
; Quartus Prime Version           ; 19.1.0 Build 670 09/22/2019 SJ Lite Edition ;
; Revision Name                   ; Project                                     ;
; Top-level Entity Name           ; Project                                     ;
; Family                          ; Cyclone V                                   ;
; Logic utilization (in ALMs)     ; N/A                                         ;
; Total registers                 ; 7                                           ;
; Total pins                      ; 260                                         ;
; Total virtual pins              ; 0                                           ;
; Total block memory bits         ; 0                                           ;
; Total DSP Blocks                ; 0                                           ;
; Total HSSI RX PCSs              ; 0                                           ;
; Total HSSI PMA RX Deserializers ; 0                                           ;
; Total HSSI TX PCSs              ; 0                                           ;
; Total HSSI PMA TX Serializers   ; 0                                           ;
; Total PLLs                      ; 0                                           ;
; Total DLLs                      ; 0                                           ;
+---------------------------------+---------------------------------------------+


+---------------------------------------------------------------------------------------------------------------------------+
; Analysis & Synthesis Settings                                                                                             ;
+---------------------------------------------------------------------------------+--------------------+--------------------+
; Option                                                                          ; Setting            ; Default Value      ;
+---------------------------------------------------------------------------------+--------------------+--------------------+
; Device                                                                          ; 5CSEMA5F31C6       ;                    ;
; Top-level entity name                                                           ; Project            ; Project            ;
; Family name                                                                     ; Cyclone V          ; Cyclone V          ;
; Use smart compilation                                                           ; Off                ; Off                ;
; Enable parallel Assembler and Timing Analyzer during compilation                ; On                 ; On                 ;
; Enable compact report table                                                     ; Off                ; Off                ;
; Restructure Multiplexers                                                        ; Auto               ; Auto               ;
; MLAB Add Timing Constraints For Mixed-Port Feed-Through Mode Setting Don't Care ; Off                ; Off                ;
; Create Debugging Nodes for IP Cores                                             ; Off                ; Off                ;
; Preserve fewer node names                                                       ; On                 ; On                 ;
; Intel FPGA IP Evaluation Mode                                                   ; Enable             ; Enable             ;
; Verilog Version                                                                 ; Verilog_2001       ; Verilog_2001       ;
; VHDL Version                                                                    ; VHDL_1993          ; VHDL_1993          ;
; State Machine Processing                                                        ; Auto               ; Auto               ;
; Safe State Machine                                                              ; Off                ; Off                ;
; Extract Verilog State Machines                                                  ; On                 ; On                 ;
; Extract VHDL State Machines                                                     ; On                 ; On                 ;
; Ignore Verilog initial constructs                                               ; Off                ; Off                ;
; Iteration limit for constant Verilog loops                                      ; 5000               ; 5000               ;
; Iteration limit for non-constant Verilog loops                                  ; 250                ; 250                ;
; Add Pass-Through Logic to Inferred RAMs                                         ; On                 ; On                 ;
; Infer RAMs from Raw Logic                                                       ; On                 ; On                 ;
; Parallel Synthesis                                                              ; On                 ; On                 ;
; DSP Block Balancing                                                             ; Auto               ; Auto               ;
; NOT Gate Push-Back                                                              ; On                 ; On                 ;
; Power-Up Don't Care                                                             ; On                 ; On                 ;
; Remove Redundant Logic Cells                                                    ; Off                ; Off                ;
; Remove Duplicate Registers                                                      ; On                 ; On                 ;
; Ignore CARRY Buffers                                                            ; Off                ; Off                ;
; Ignore CASCADE Buffers                                                          ; Off                ; Off                ;
; Ignore GLOBAL Buffers                                                           ; Off                ; Off                ;
; Ignore ROW GLOBAL Buffers                                                       ; Off                ; Off                ;
; Ignore LCELL Buffers                                                            ; Off                ; Off                ;
; Ignore SOFT Buffers                                                             ; On                 ; On                 ;
; Limit AHDL Integers to 32 Bits                                                  ; Off                ; Off                ;
; Optimization Technique                                                          ; Balanced           ; Balanced           ;
; Carry Chain Length                                                              ; 70                 ; 70                 ;
; Auto Carry Chains                                                               ; On                 ; On                 ;
; Auto Open-Drain Pins                                                            ; On                 ; On                 ;
; Perform WYSIWYG Primitive Resynthesis                                           ; Off                ; Off                ;
; Auto ROM Replacement                                                            ; On                 ; On                 ;
; Auto RAM Replacement                                                            ; On                 ; On                 ;
; Auto DSP Block Replacement                                                      ; On                 ; On                 ;
; Auto Shift Register Replacement                                                 ; Auto               ; Auto               ;
; Allow Shift Register Merging across Hierarchies                                 ; Auto               ; Auto               ;
; Auto Clock Enable Replacement                                                   ; On                 ; On                 ;
; Strict RAM Replacement                                                          ; Off                ; Off                ;
; Allow Synchronous Control Signals                                               ; On                 ; On                 ;
; Force Use of Synchronous Clear Signals                                          ; Off                ; Off                ;
; Auto Resource Sharing                                                           ; Off                ; Off                ;
; Allow Any RAM Size For Recognition                                              ; Off                ; Off                ;
; Allow Any ROM Size For Recognition                                              ; Off                ; Off                ;
; Allow Any Shift Register Size For Recognition                                   ; Off                ; Off                ;
; Use LogicLock Constraints during Resource Balancing                             ; On                 ; On                 ;
; Ignore translate_off and synthesis_off directives                               ; Off                ; Off                ;
; Timing-Driven Synthesis                                                         ; On                 ; On                 ;
; Report Parameter Settings                                                       ; On                 ; On                 ;
; Report Source Assignments                                                       ; On                 ; On                 ;
; Report Connectivity Checks                                                      ; On                 ; On                 ;
; Ignore Maximum Fan-Out Assignments                                              ; Off                ; Off                ;
; Synchronization Register Chain Length                                           ; 3                  ; 3                  ;
; Power Optimization During Synthesis                                             ; Normal compilation ; Normal compilation ;
; HDL message level                                                               ; Level2             ; Level2             ;
; Suppress Register Optimization Related Messages                                 ; Off                ; Off                ;
; Number of Removed Registers Reported in Synthesis Report                        ; 5000               ; 5000               ;
; Number of Swept Nodes Reported in Synthesis Report                              ; 5000               ; 5000               ;
; Number of Inverted Registers Reported in Synthesis Report                       ; 100                ; 100                ;
; Clock MUX Protection                                                            ; On                 ; On                 ;
; Auto Gated Clock Conversion                                                     ; Off                ; Off                ;
; Block Design Naming                                                             ; Auto               ; Auto               ;
; SDC constraint protection                                                       ; Off                ; Off                ;
; Synthesis Effort                                                                ; Auto               ; Auto               ;
; Shift Register Replacement - Allow Asynchronous Clear Signal                    ; On                 ; On                 ;
; Pre-Mapping Resynthesis Optimization                                            ; Off                ; Off                ;
; Analysis & Synthesis Message Level                                              ; Medium             ; Medium             ;
; Disable Register Merging Across Hierarchies                                     ; Auto               ; Auto               ;
; Resource Aware Inference For Block RAM                                          ; On                 ; On                 ;
; Automatic Parallel Synthesis                                                    ; On                 ; On                 ;
; Partial Reconfiguration Bitstream ID                                            ; Off                ; Off                ;
+---------------------------------------------------------------------------------+--------------------+--------------------+


+------------------------------------------+
; Parallel Compilation                     ;
+----------------------------+-------------+
; Processors                 ; Number      ;
+----------------------------+-------------+
; Number detected on machine ; 8           ;
; Maximum allowed            ; 4           ;
;                            ;             ;
; Average used               ; 1.00        ;
; Maximum used               ; 4           ;
;                            ;             ;
; Usage by Processor         ; % Time Used ;
;     Processor 1            ; 100.0%      ;
;     Processor 2            ;   0.0%      ;
;     Processor 3            ;   0.0%      ;
;     Processor 4            ;   0.0%      ;
+----------------------------+-------------+


+-----------------------------------------------------------------------------------------------------------------------+
; Analysis & Synthesis Source Files Read                                                                                ;
+----------------------------------+-----------------+-----------------+--------------------------------------+---------+
; File Name with User-Entered Path ; Used in Netlist ; File Type       ; File Name with Absolute Path         ; Library ;
+----------------------------------+-----------------+-----------------+--------------------------------------+---------+
; tea.vhd                          ; yes             ; User VHDL File  ; D:/Uni/term6/dsd/DSD_Project/tea.vhd ;         ;
+----------------------------------+-----------------+-----------------+--------------------------------------+---------+


+---------------------------------------------------------+
; Analysis & Synthesis Resource Usage Summary             ;
+---------------------------------------------+-----------+
; Resource                                    ; Usage     ;
+---------------------------------------------+-----------+
; Estimate of Logic utilization (ALMs needed) ; 276       ;
;                                             ;           ;
; Combinational ALUT usage for logic          ; 548       ;
;     -- 7 input functions                    ; 0         ;
;     -- 6 input functions                    ; 3         ;
;     -- 5 input functions                    ; 2         ;
;     -- 4 input functions                    ; 152       ;
;     -- <=3 input functions                  ; 391       ;
;                                             ;           ;
; Dedicated logic registers                   ; 7         ;
;                                             ;           ;
; I/O pins                                    ; 260       ;
;                                             ;           ;
; Total DSP Blocks                            ; 0         ;
;                                             ;           ;
; Maximum fan-out node                        ; state_reg ;
; Maximum fan-out                             ; 410       ;
; Total fan-out                               ; 2304      ;
; Average fan-out                             ; 2.14      ;
+---------------------------------------------+-----------+


+----------------------------------------------------------------------------------------------------------------------------------------------------------------------------------------+
; Analysis & Synthesis Resource Utilization by Entity                                                                                                                                    ;
+----------------------------+---------------------+---------------------------+-------------------+------------+------+--------------+---------------------+-------------+--------------+
; Compilation Hierarchy Node ; Combinational ALUTs ; Dedicated Logic Registers ; Block Memory Bits ; DSP Blocks ; Pins ; Virtual Pins ; Full Hierarchy Name ; Entity Name ; Library Name ;
+----------------------------+---------------------+---------------------------+-------------------+------------+------+--------------+---------------------+-------------+--------------+
; |Project                   ; 548 (548)           ; 7 (7)                     ; 0                 ; 0          ; 260  ; 0            ; |Project            ; Project     ; work         ;
+----------------------------+---------------------+---------------------------+-------------------+------------+------+--------------+---------------------+-------------+--------------+
Note: For table entries with two numbers listed, the numbers in parentheses indicate the number of resources of the given type used by the specific entity alone. The numbers listed outside of parentheses indicate the total resources of the given type used by the specific entity and all of its sub-entities in the hierarchy.


+-----------------------------------------------------------------------------------------------------+
; User-Specified and Inferred Latches                                                                 ;
+------------------------------------------------------+---------------------+------------------------+
; Latch Name                                           ; Latch Enable Signal ; Free of Timing Hazards ;
+------------------------------------------------------+---------------------+------------------------+
; k0[0]                                                ; state_reg           ; yes                    ;
; k0[1]                                                ; state_reg           ; yes                    ;
; k0[2]                                                ; state_reg           ; yes                    ;
; k0[3]                                                ; state_reg           ; yes                    ;
; k2[0]                                                ; state_reg           ; yes                    ;
; k2[1]                                                ; state_reg           ; yes                    ;
; k2[2]                                                ; state_reg           ; yes                    ;
; k2[3]                                                ; state_reg           ; yes                    ;
; k1[0]                                                ; state_reg           ; yes                    ;
; k1[1]                                                ; state_reg           ; yes                    ;
; k1[2]                                                ; state_reg           ; yes                    ;
; k1[3]                                                ; state_reg           ; yes                    ;
; k1[4]                                                ; state_reg           ; yes                    ;
; k0[4]                                                ; state_reg           ; yes                    ;
; k1[5]                                                ; state_reg           ; yes                    ;
; k0[5]                                                ; state_reg           ; yes                    ;
; k1[6]                                                ; state_reg           ; yes                    ;
; k0[6]                                                ; state_reg           ; yes                    ;
; k1[7]                                                ; state_reg           ; yes                    ;
; k0[7]                                                ; state_reg           ; yes                    ;
; k1[8]                                                ; state_reg           ; yes                    ;
; k0[8]                                                ; state_reg           ; yes                    ;
; k1[9]                                                ; state_reg           ; yes                    ;
; k0[9]                                                ; state_reg           ; yes                    ;
; k1[10]                                               ; state_reg           ; yes                    ;
; k0[10]                                               ; state_reg           ; yes                    ;
; k1[11]                                               ; state_reg           ; yes                    ;
; k0[11]                                               ; state_reg           ; yes                    ;
; k1[12]                                               ; state_reg           ; yes                    ;
; k0[12]                                               ; state_reg           ; yes                    ;
; k1[13]                                               ; state_reg           ; yes                    ;
; k0[13]                                               ; state_reg           ; yes                    ;
; k1[14]                                               ; state_reg           ; yes                    ;
; k0[14]                                               ; state_reg           ; yes                    ;
; k1[15]                                               ; state_reg           ; yes                    ;
; k0[15]                                               ; state_reg           ; yes                    ;
; k1[16]                                               ; state_reg           ; yes                    ;
; k0[16]                                               ; state_reg           ; yes                    ;
; k1[17]                                               ; state_reg           ; yes                    ;
; k0[17]                                               ; state_reg           ; yes                    ;
; k1[18]                                               ; state_reg           ; yes                    ;
; k0[18]                                               ; state_reg           ; yes                    ;
; k1[19]                                               ; state_reg           ; yes                    ;
; k0[19]                                               ; state_reg           ; yes                    ;
; k1[20]                                               ; state_reg           ; yes                    ;
; k0[20]                                               ; state_reg           ; yes                    ;
; k1[21]                                               ; state_reg           ; yes                    ;
; k0[21]                                               ; state_reg           ; yes                    ;
; k1[22]                                               ; state_reg           ; yes                    ;
; k0[22]                                               ; state_reg           ; yes                    ;
; k1[23]                                               ; state_reg           ; yes                    ;
; k0[23]                                               ; state_reg           ; yes                    ;
; k1[24]                                               ; state_reg           ; yes                    ;
; k0[24]                                               ; state_reg           ; yes                    ;
; k1[25]                                               ; state_reg           ; yes                    ;
; k0[25]                                               ; state_reg           ; yes                    ;
; k1[26]                                               ; state_reg           ; yes                    ;
; k0[26]                                               ; state_reg           ; yes                    ;
; k1[27]                                               ; state_reg           ; yes                    ;
; k0[27]                                               ; state_reg           ; yes                    ;
; k1[28]                                               ; state_reg           ; yes                    ;
; k0[28]                                               ; state_reg           ; yes                    ;
; k1[29]                                               ; state_reg           ; yes                    ;
; k0[29]                                               ; state_reg           ; yes                    ;
; k1[30]                                               ; state_reg           ; yes                    ;
; k0[30]                                               ; state_reg           ; yes                    ;
; k1[31]                                               ; state_reg           ; yes                    ;
; k0[31]                                               ; state_reg           ; yes                    ;
; k3[0]                                                ; state_reg           ; yes                    ;
; k3[1]                                                ; state_reg           ; yes                    ;
; k3[2]                                                ; state_reg           ; yes                    ;
; k3[3]                                                ; state_reg           ; yes                    ;
; k3[4]                                                ; state_reg           ; yes                    ;
; k2[4]                                                ; state_reg           ; yes                    ;
; k3[5]                                                ; state_reg           ; yes                    ;
; k2[5]                                                ; state_reg           ; yes                    ;
; k3[6]                                                ; state_reg           ; yes                    ;
; k2[6]                                                ; state_reg           ; yes                    ;
; k3[7]                                                ; state_reg           ; yes                    ;
; k2[7]                                                ; state_reg           ; yes                    ;
; k3[8]                                                ; state_reg           ; yes                    ;
; k2[8]                                                ; state_reg           ; yes                    ;
; k3[9]                                                ; state_reg           ; yes                    ;
; k2[9]                                                ; state_reg           ; yes                    ;
; k3[10]                                               ; state_reg           ; yes                    ;
; k2[10]                                               ; state_reg           ; yes                    ;
; k3[11]                                               ; state_reg           ; yes                    ;
; k2[11]                                               ; state_reg           ; yes                    ;
; k3[12]                                               ; state_reg           ; yes                    ;
; k2[12]                                               ; state_reg           ; yes                    ;
; k3[13]                                               ; state_reg           ; yes                    ;
; k2[13]                                               ; state_reg           ; yes                    ;
; k3[14]                                               ; state_reg           ; yes                    ;
; k2[14]                                               ; state_reg           ; yes                    ;
; k3[15]                                               ; state_reg           ; yes                    ;
; k2[15]                                               ; state_reg           ; yes                    ;
; k3[16]                                               ; state_reg           ; yes                    ;
; k2[16]                                               ; state_reg           ; yes                    ;
; k3[17]                                               ; state_reg           ; yes                    ;
; k2[17]                                               ; state_reg           ; yes                    ;
; Number of user-specified and inferred latches = 128  ;                     ;                        ;
+------------------------------------------------------+---------------------+------------------------+
Table restricted to first 100 entries. Note: All latches listed above may not be present at the end of synthesis due to various synthesis optimizations.


+-------------------------------------------------------------+
; Logic Cells Representing Combinational Loops                ;
+--------------------------------------------------------+----+
; Logic Cell Name                                        ;    ;
+--------------------------------------------------------+----+
; out_ans[0]~0                                           ;    ;
; Add5~0                                                 ;    ;
; Add5~1                                                 ;    ;
; Add5~2                                                 ;    ;
; Add5~3                                                 ;    ;
; Add5~4                                                 ;    ;
; Add5~5                                                 ;    ;
; Add5~6                                                 ;    ;
; Add5~7                                                 ;    ;
; Add5~8                                                 ;    ;
; Add5~9                                                 ;    ;
; Add5~10                                                ;    ;
; Add5~11                                                ;    ;
; Add5~12                                                ;    ;
; Add5~13                                                ;    ;
; Add5~14                                                ;    ;
; Add5~15                                                ;    ;
; Add5~16                                                ;    ;
; Add5~17                                                ;    ;
; Add5~18                                                ;    ;
; Add5~19                                                ;    ;
; Add5~20                                                ;    ;
; Add5~21                                                ;    ;
; Add5~22                                                ;    ;
; Add5~23                                                ;    ;
; Add5~24                                                ;    ;
; Add5~25                                                ;    ;
; Add5~26                                                ;    ;
; Add6~0                                                 ;    ;
; Add6~1                                                 ;    ;
; Add6~2                                                 ;    ;
; Add6~3                                                 ;    ;
; z~31                                                   ;    ;
; z~32                                                   ;    ;
; z~33                                                   ;    ;
; z~34                                                   ;    ;
; z~35                                                   ;    ;
; z~36                                                   ;    ;
; z~37                                                   ;    ;
; z~38                                                   ;    ;
; z~39                                                   ;    ;
; z~40                                                   ;    ;
; z~41                                                   ;    ;
; z~42                                                   ;    ;
; z~43                                                   ;    ;
; z~44                                                   ;    ;
; z~45                                                   ;    ;
; z~46                                                   ;    ;
; z~47                                                   ;    ;
; z~48                                                   ;    ;
; z~49                                                   ;    ;
; z~50                                                   ;    ;
; z~51                                                   ;    ;
; z~52                                                   ;    ;
; z~53                                                   ;    ;
; z~54                                                   ;    ;
; z~55                                                   ;    ;
; z~56                                                   ;    ;
; z~57                                                   ;    ;
; z~58                                                   ;    ;
; z~59                                                   ;    ;
; z~60                                                   ;    ;
; z~61                                                   ;    ;
; out_ans[63]~1                                          ;    ;
; sum[0]~0                                               ;    ;
; sum[1]~1                                               ;    ;
; sum[2]~2                                               ;    ;
; sum[3]~3                                               ;    ;
; sum[4]~4                                               ;    ;
; sum[5]~5                                               ;    ;
; sum[6]~6                                               ;    ;
; sum[7]~7                                               ;    ;
; sum[8]~8                                               ;    ;
; sum[9]~9                                               ;    ;
; sum[10]~10                                             ;    ;
; sum[11]~11                                             ;    ;
; sum[12]~12                                             ;    ;
; sum[13]~13                                             ;    ;
; sum[14]~14                                             ;    ;
; sum[15]~15                                             ;    ;
; sum[16]~16                                             ;    ;
; sum[17]~17                                             ;    ;
; sum[18]~18                                             ;    ;
; sum[19]~19                                             ;    ;
; sum[20]~20                                             ;    ;
; sum[21]~21                                             ;    ;
; sum[22]~22                                             ;    ;
; sum[23]~23                                             ;    ;
; sum[24]~24                                             ;    ;
; sum[25]~25                                             ;    ;
; sum[26]~26                                             ;    ;
; sum[27]~27                                             ;    ;
; sum[28]~28                                             ;    ;
; sum[29]~29                                             ;    ;
; sum[30]~30                                             ;    ;
; Add0~0                                                 ;    ;
; Number of logic cells representing combinational loops ; 96 ;
+--------------------------------------------------------+----+
Note: All cells listed above may not be present at the end of synthesis due to various synthesis optimizations.


+------------------------------------------------------+
; General Register Statistics                          ;
+----------------------------------------------+-------+
; Statistic                                    ; Value ;
+----------------------------------------------+-------+
; Total registers                              ; 7     ;
; Number of registers using Synchronous Clear  ; 0     ;
; Number of registers using Synchronous Load   ; 0     ;
; Number of registers using Asynchronous Clear ; 0     ;
; Number of registers using Asynchronous Load  ; 0     ;
; Number of registers using Clock Enable       ; 0     ;
; Number of registers using Preset             ; 0     ;
+----------------------------------------------+-------+


+------------------------------------------------------------------------------------------------------------------------------------------+
; Multiplexer Restructuring Statistics (Restructuring Performed)                                                                           ;
+--------------------+-----------+---------------+----------------------+------------------------+------------+----------------------------+
; Multiplexer Inputs ; Bus Width ; Baseline Area ; Area if Restructured ; Saving if Restructured ; Registered ; Example Multiplexer Output ;
+--------------------+-----------+---------------+----------------------+------------------------+------------+----------------------------+
; 4:1                ; 6 bits    ; 12 LEs        ; 12 LEs               ; 0 LEs                  ; Yes        ; |Project|count_reg[0]      ;
+--------------------+-----------+---------------+----------------------+------------------------+------------+----------------------------+


+-----------------------------------------------------+
; Post-Synthesis Netlist Statistics for Top Partition ;
+-----------------------+-----------------------------+
; Type                  ; Count                       ;
+-----------------------+-----------------------------+
; arriav_ff             ; 7                           ;
;     plain             ; 7                           ;
; arriav_lcell_comb     ; 549                         ;
;     arith             ; 279                         ;
;         1 data inputs ; 11                          ;
;         2 data inputs ; 89                          ;
;         3 data inputs ; 32                          ;
;         4 data inputs ; 147                         ;
;     normal            ; 270                         ;
;         1 data inputs ; 1                           ;
;         2 data inputs ; 3                           ;
;         3 data inputs ; 256                         ;
;         4 data inputs ; 5                           ;
;         5 data inputs ; 2                           ;
;         6 data inputs ; 3                           ;
; boundary_port         ; 260                         ;
;                       ;                             ;
; Max LUT depth         ; 7.10                        ;
; Average LUT depth     ; 3.90                        ;
+-----------------------+-----------------------------+


+-------------------------------+
; Elapsed Time Per Partition    ;
+----------------+--------------+
; Partition Name ; Elapsed Time ;
+----------------+--------------+
; Top            ; 00:00:01     ;
+----------------+--------------+


+-------------------------------+
; Analysis & Synthesis Messages ;
+-------------------------------+
Info: *******************************************************************
Info: Running Quartus Prime Analysis & Synthesis
    Info: Version 19.1.0 Build 670 09/22/2019 SJ Lite Edition
    Info: Processing started: Mon Jun 28 22:02:06 2021
Info: Command: quartus_map --read_settings_files=on --write_settings_files=off Project -c Project
Warning (18236): Number of processors has not been specified which may cause overloading on shared machines.  Set the global assignment NUM_PARALLEL_PROCESSORS in your QSF to an appropriate value for best performance.
Info (20030): Parallel compilation is enabled and will use 4 of the 4 processors detected
Info (12021): Found 2 design units, including 1 entities, in source file tea.vhd
    Info (12022): Found design unit 1: Project-arch File: D:/Uni/term6/dsd/DSD_Project/tea.vhd Line: 19
    Info (12023): Found entity 1: Project File: D:/Uni/term6/dsd/DSD_Project/tea.vhd Line: 7
Info (12127): Elaborating entity "Project" for the top level hierarchy
Warning (10492): VHDL Process Statement warning at tea.vhd(58): signal "key" is read inside the Process Statement but isn't in the Process Statement's sensitivity list File: D:/Uni/term6/dsd/DSD_Project/tea.vhd Line: 58
Warning (10492): VHDL Process Statement warning at tea.vhd(59): signal "key" is read inside the Process Statement but isn't in the Process Statement's sensitivity list File: D:/Uni/term6/dsd/DSD_Project/tea.vhd Line: 59
Warning (10492): VHDL Process Statement warning at tea.vhd(60): signal "key" is read inside the Process Statement but isn't in the Process Statement's sensitivity list File: D:/Uni/term6/dsd/DSD_Project/tea.vhd Line: 60
Warning (10492): VHDL Process Statement warning at tea.vhd(61): signal "key" is read inside the Process Statement but isn't in the Process Statement's sensitivity list File: D:/Uni/term6/dsd/DSD_Project/tea.vhd Line: 61
Warning (10492): VHDL Process Statement warning at tea.vhd(62): signal "value" is read inside the Process Statement but isn't in the Process Statement's sensitivity list File: D:/Uni/term6/dsd/DSD_Project/tea.vhd Line: 62
Warning (10492): VHDL Process Statement warning at tea.vhd(63): signal "value" is read inside the Process Statement but isn't in the Process Statement's sensitivity list File: D:/Uni/term6/dsd/DSD_Project/tea.vhd Line: 63
Warning (10492): VHDL Process Statement warning at tea.vhd(68): signal "sum" is read inside the Process Statement but isn't in the Process Statement's sensitivity list File: D:/Uni/term6/dsd/DSD_Project/tea.vhd Line: 68
Warning (10492): VHDL Process Statement warning at tea.vhd(70): signal "k0" is read inside the Process Statement but isn't in the Process Statement's sensitivity list File: D:/Uni/term6/dsd/DSD_Project/tea.vhd Line: 70
Warning (10492): VHDL Process Statement warning at tea.vhd(70): signal "sum" is read inside the Process Statement but isn't in the Process Statement's sensitivity list File: D:/Uni/term6/dsd/DSD_Project/tea.vhd Line: 70
Warning (10492): VHDL Process Statement warning at tea.vhd(70): signal "k1" is read inside the Process Statement but isn't in the Process Statement's sensitivity list File: D:/Uni/term6/dsd/DSD_Project/tea.vhd Line: 70
Warning (10492): VHDL Process Statement warning at tea.vhd(73): signal "k2" is read inside the Process Statement but isn't in the Process Statement's sensitivity list File: D:/Uni/term6/dsd/DSD_Project/tea.vhd Line: 73
Warning (10492): VHDL Process Statement warning at tea.vhd(73): signal "sum" is read inside the Process Statement but isn't in the Process Statement's sensitivity list File: D:/Uni/term6/dsd/DSD_Project/tea.vhd Line: 73
Warning (10492): VHDL Process Statement warning at tea.vhd(73): signal "k3" is read inside the Process Statement but isn't in the Process Statement's sensitivity list File: D:/Uni/term6/dsd/DSD_Project/tea.vhd Line: 73
Warning (10631): VHDL Process Statement warning at tea.vhd(47): inferring latch(es) for signal or variable "k0", which holds its previous value in one or more paths through the process File: D:/Uni/term6/dsd/DSD_Project/tea.vhd Line: 47
Warning (10631): VHDL Process Statement warning at tea.vhd(47): inferring latch(es) for signal or variable "k1", which holds its previous value in one or more paths through the process File: D:/Uni/term6/dsd/DSD_Project/tea.vhd Line: 47
Warning (10631): VHDL Process Statement warning at tea.vhd(47): inferring latch(es) for signal or variable "k2", which holds its previous value in one or more paths through the process File: D:/Uni/term6/dsd/DSD_Project/tea.vhd Line: 47
Warning (10631): VHDL Process Statement warning at tea.vhd(47): inferring latch(es) for signal or variable "k3", which holds its previous value in one or more paths through the process File: D:/Uni/term6/dsd/DSD_Project/tea.vhd Line: 47
Info (10041): Inferred latch for "k3[0]" at tea.vhd(47) File: D:/Uni/term6/dsd/DSD_Project/tea.vhd Line: 47
Info (10041): Inferred latch for "k3[1]" at tea.vhd(47) File: D:/Uni/term6/dsd/DSD_Project/tea.vhd Line: 47
Info (10041): Inferred latch for "k3[2]" at tea.vhd(47) File: D:/Uni/term6/dsd/DSD_Project/tea.vhd Line: 47
Info (10041): Inferred latch for "k3[3]" at tea.vhd(47) File: D:/Uni/term6/dsd/DSD_Project/tea.vhd Line: 47
Info (10041): Inferred latch for "k3[4]" at tea.vhd(47) File: D:/Uni/term6/dsd/DSD_Project/tea.vhd Line: 47
Info (10041): Inferred latch for "k3[5]" at tea.vhd(47) File: D:/Uni/term6/dsd/DSD_Project/tea.vhd Line: 47
Info (10041): Inferred latch for "k3[6]" at tea.vhd(47) File: D:/Uni/term6/dsd/DSD_Project/tea.vhd Line: 47
Info (10041): Inferred latch for "k3[7]" at tea.vhd(47) File: D:/Uni/term6/dsd/DSD_Project/tea.vhd Line: 47
Info (10041): Inferred latch for "k3[8]" at tea.vhd(47) File: D:/Uni/term6/dsd/DSD_Project/tea.vhd Line: 47
Info (10041): Inferred latch for "k3[9]" at tea.vhd(47) File: D:/Uni/term6/dsd/DSD_Project/tea.vhd Line: 47
Info (10041): Inferred latch for "k3[10]" at tea.vhd(47) File: D:/Uni/term6/dsd/DSD_Project/tea.vhd Line: 47
Info (10041): Inferred latch for "k3[11]" at tea.vhd(47) File: D:/Uni/term6/dsd/DSD_Project/tea.vhd Line: 47
Info (10041): Inferred latch for "k3[12]" at tea.vhd(47) File: D:/Uni/term6/dsd/DSD_Project/tea.vhd Line: 47
Info (10041): Inferred latch for "k3[13]" at tea.vhd(47) File: D:/Uni/term6/dsd/DSD_Project/tea.vhd Line: 47
Info (10041): Inferred latch for "k3[14]" at tea.vhd(47) File: D:/Uni/term6/dsd/DSD_Project/tea.vhd Line: 47
Info (10041): Inferred latch for "k3[15]" at tea.vhd(47) File: D:/Uni/term6/dsd/DSD_Project/tea.vhd Line: 47
Info (10041): Inferred latch for "k3[16]" at tea.vhd(47) File: D:/Uni/term6/dsd/DSD_Project/tea.vhd Line: 47
Info (10041): Inferred latch for "k3[17]" at tea.vhd(47) File: D:/Uni/term6/dsd/DSD_Project/tea.vhd Line: 47
Info (10041): Inferred latch for "k3[18]" at tea.vhd(47) File: D:/Uni/term6/dsd/DSD_Project/tea.vhd Line: 47
Info (10041): Inferred latch for "k3[19]" at tea.vhd(47) File: D:/Uni/term6/dsd/DSD_Project/tea.vhd Line: 47
Info (10041): Inferred latch for "k3[20]" at tea.vhd(47) File: D:/Uni/term6/dsd/DSD_Project/tea.vhd Line: 47
Info (10041): Inferred latch for "k3[21]" at tea.vhd(47) File: D:/Uni/term6/dsd/DSD_Project/tea.vhd Line: 47
Info (10041): Inferred latch for "k3[22]" at tea.vhd(47) File: D:/Uni/term6/dsd/DSD_Project/tea.vhd Line: 47
Info (10041): Inferred latch for "k3[23]" at tea.vhd(47) File: D:/Uni/term6/dsd/DSD_Project/tea.vhd Line: 47
Info (10041): Inferred latch for "k3[24]" at tea.vhd(47) File: D:/Uni/term6/dsd/DSD_Project/tea.vhd Line: 47
Info (10041): Inferred latch for "k3[25]" at tea.vhd(47) File: D:/Uni/term6/dsd/DSD_Project/tea.vhd Line: 47
Info (10041): Inferred latch for "k3[26]" at tea.vhd(47) File: D:/Uni/term6/dsd/DSD_Project/tea.vhd Line: 47
Info (10041): Inferred latch for "k3[27]" at tea.vhd(47) File: D:/Uni/term6/dsd/DSD_Project/tea.vhd Line: 47
Info (10041): Inferred latch for "k3[28]" at tea.vhd(47) File: D:/Uni/term6/dsd/DSD_Project/tea.vhd Line: 47
Info (10041): Inferred latch for "k3[29]" at tea.vhd(47) File: D:/Uni/term6/dsd/DSD_Project/tea.vhd Line: 47
Info (10041): Inferred latch for "k3[30]" at tea.vhd(47) File: D:/Uni/term6/dsd/DSD_Project/tea.vhd Line: 47
Info (10041): Inferred latch for "k3[31]" at tea.vhd(47) File: D:/Uni/term6/dsd/DSD_Project/tea.vhd Line: 47
Info (10041): Inferred latch for "k2[0]" at tea.vhd(47) File: D:/Uni/term6/dsd/DSD_Project/tea.vhd Line: 47
Info (10041): Inferred latch for "k2[1]" at tea.vhd(47) File: D:/Uni/term6/dsd/DSD_Project/tea.vhd Line: 47
Info (10041): Inferred latch for "k2[2]" at tea.vhd(47) File: D:/Uni/term6/dsd/DSD_Project/tea.vhd Line: 47
Info (10041): Inferred latch for "k2[3]" at tea.vhd(47) File: D:/Uni/term6/dsd/DSD_Project/tea.vhd Line: 47
Info (10041): Inferred latch for "k2[4]" at tea.vhd(47) File: D:/Uni/term6/dsd/DSD_Project/tea.vhd Line: 47
Info (10041): Inferred latch for "k2[5]" at tea.vhd(47) File: D:/Uni/term6/dsd/DSD_Project/tea.vhd Line: 47
Info (10041): Inferred latch for "k2[6]" at tea.vhd(47) File: D:/Uni/term6/dsd/DSD_Project/tea.vhd Line: 47
Info (10041): Inferred latch for "k2[7]" at tea.vhd(47) File: D:/Uni/term6/dsd/DSD_Project/tea.vhd Line: 47
Info (10041): Inferred latch for "k2[8]" at tea.vhd(47) File: D:/Uni/term6/dsd/DSD_Project/tea.vhd Line: 47
Info (10041): Inferred latch for "k2[9]" at tea.vhd(47) File: D:/Uni/term6/dsd/DSD_Project/tea.vhd Line: 47
Info (10041): Inferred latch for "k2[10]" at tea.vhd(47) File: D:/Uni/term6/dsd/DSD_Project/tea.vhd Line: 47
Info (10041): Inferred latch for "k2[11]" at tea.vhd(47) File: D:/Uni/term6/dsd/DSD_Project/tea.vhd Line: 47
Info (10041): Inferred latch for "k2[12]" at tea.vhd(47) File: D:/Uni/term6/dsd/DSD_Project/tea.vhd Line: 47
Info (10041): Inferred latch for "k2[13]" at tea.vhd(47) File: D:/Uni/term6/dsd/DSD_Project/tea.vhd Line: 47
Info (10041): Inferred latch for "k2[14]" at tea.vhd(47) File: D:/Uni/term6/dsd/DSD_Project/tea.vhd Line: 47
Info (10041): Inferred latch for "k2[15]" at tea.vhd(47) File: D:/Uni/term6/dsd/DSD_Project/tea.vhd Line: 47
Info (10041): Inferred latch for "k2[16]" at tea.vhd(47) File: D:/Uni/term6/dsd/DSD_Project/tea.vhd Line: 47
Info (10041): Inferred latch for "k2[17]" at tea.vhd(47) File: D:/Uni/term6/dsd/DSD_Project/tea.vhd Line: 47
Info (10041): Inferred latch for "k2[18]" at tea.vhd(47) File: D:/Uni/term6/dsd/DSD_Project/tea.vhd Line: 47
Info (10041): Inferred latch for "k2[19]" at tea.vhd(47) File: D:/Uni/term6/dsd/DSD_Project/tea.vhd Line: 47
Info (10041): Inferred latch for "k2[20]" at tea.vhd(47) File: D:/Uni/term6/dsd/DSD_Project/tea.vhd Line: 47
Info (10041): Inferred latch for "k2[21]" at tea.vhd(47) File: D:/Uni/term6/dsd/DSD_Project/tea.vhd Line: 47
Info (10041): Inferred latch for "k2[22]" at tea.vhd(47) File: D:/Uni/term6/dsd/DSD_Project/tea.vhd Line: 47
Info (10041): Inferred latch for "k2[23]" at tea.vhd(47) File: D:/Uni/term6/dsd/DSD_Project/tea.vhd Line: 47
Info (10041): Inferred latch for "k2[24]" at tea.vhd(47) File: D:/Uni/term6/dsd/DSD_Project/tea.vhd Line: 47
Info (10041): Inferred latch for "k2[25]" at tea.vhd(47) File: D:/Uni/term6/dsd/DSD_Project/tea.vhd Line: 47
Info (10041): Inferred latch for "k2[26]" at tea.vhd(47) File: D:/Uni/term6/dsd/DSD_Project/tea.vhd Line: 47
Info (10041): Inferred latch for "k2[27]" at tea.vhd(47) File: D:/Uni/term6/dsd/DSD_Project/tea.vhd Line: 47
Info (10041): Inferred latch for "k2[28]" at tea.vhd(47) File: D:/Uni/term6/dsd/DSD_Project/tea.vhd Line: 47
Info (10041): Inferred latch for "k2[29]" at tea.vhd(47) File: D:/Uni/term6/dsd/DSD_Project/tea.vhd Line: 47
Info (10041): Inferred latch for "k2[30]" at tea.vhd(47) File: D:/Uni/term6/dsd/DSD_Project/tea.vhd Line: 47
Info (10041): Inferred latch for "k2[31]" at tea.vhd(47) File: D:/Uni/term6/dsd/DSD_Project/tea.vhd Line: 47
Info (10041): Inferred latch for "k1[0]" at tea.vhd(47) File: D:/Uni/term6/dsd/DSD_Project/tea.vhd Line: 47
Info (10041): Inferred latch for "k1[1]" at tea.vhd(47) File: D:/Uni/term6/dsd/DSD_Project/tea.vhd Line: 47
Info (10041): Inferred latch for "k1[2]" at tea.vhd(47) File: D:/Uni/term6/dsd/DSD_Project/tea.vhd Line: 47
Info (10041): Inferred latch for "k1[3]" at tea.vhd(47) File: D:/Uni/term6/dsd/DSD_Project/tea.vhd Line: 47
Info (10041): Inferred latch for "k1[4]" at tea.vhd(47) File: D:/Uni/term6/dsd/DSD_Project/tea.vhd Line: 47
Info (10041): Inferred latch for "k1[5]" at tea.vhd(47) File: D:/Uni/term6/dsd/DSD_Project/tea.vhd Line: 47
Info (10041): Inferred latch for "k1[6]" at tea.vhd(47) File: D:/Uni/term6/dsd/DSD_Project/tea.vhd Line: 47
Info (10041): Inferred latch for "k1[7]" at tea.vhd(47) File: D:/Uni/term6/dsd/DSD_Project/tea.vhd Line: 47
Info (10041): Inferred latch for "k1[8]" at tea.vhd(47) File: D:/Uni/term6/dsd/DSD_Project/tea.vhd Line: 47
Info (10041): Inferred latch for "k1[9]" at tea.vhd(47) File: D:/Uni/term6/dsd/DSD_Project/tea.vhd Line: 47
Info (10041): Inferred latch for "k1[10]" at tea.vhd(47) File: D:/Uni/term6/dsd/DSD_Project/tea.vhd Line: 47
Info (10041): Inferred latch for "k1[11]" at tea.vhd(47) File: D:/Uni/term6/dsd/DSD_Project/tea.vhd Line: 47
Info (10041): Inferred latch for "k1[12]" at tea.vhd(47) File: D:/Uni/term6/dsd/DSD_Project/tea.vhd Line: 47
Info (10041): Inferred latch for "k1[13]" at tea.vhd(47) File: D:/Uni/term6/dsd/DSD_Project/tea.vhd Line: 47
Info (10041): Inferred latch for "k1[14]" at tea.vhd(47) File: D:/Uni/term6/dsd/DSD_Project/tea.vhd Line: 47
Info (10041): Inferred latch for "k1[15]" at tea.vhd(47) File: D:/Uni/term6/dsd/DSD_Project/tea.vhd Line: 47
Info (10041): Inferred latch for "k1[16]" at tea.vhd(47) File: D:/Uni/term6/dsd/DSD_Project/tea.vhd Line: 47
Info (10041): Inferred latch for "k1[17]" at tea.vhd(47) File: D:/Uni/term6/dsd/DSD_Project/tea.vhd Line: 47
Info (10041): Inferred latch for "k1[18]" at tea.vhd(47) File: D:/Uni/term6/dsd/DSD_Project/tea.vhd Line: 47
Info (10041): Inferred latch for "k1[19]" at tea.vhd(47) File: D:/Uni/term6/dsd/DSD_Project/tea.vhd Line: 47
Info (10041): Inferred latch for "k1[20]" at tea.vhd(47) File: D:/Uni/term6/dsd/DSD_Project/tea.vhd Line: 47
Info (10041): Inferred latch for "k1[21]" at tea.vhd(47) File: D:/Uni/term6/dsd/DSD_Project/tea.vhd Line: 47
Info (10041): Inferred latch for "k1[22]" at tea.vhd(47) File: D:/Uni/term6/dsd/DSD_Project/tea.vhd Line: 47
Info (10041): Inferred latch for "k1[23]" at tea.vhd(47) File: D:/Uni/term6/dsd/DSD_Project/tea.vhd Line: 47
Info (10041): Inferred latch for "k1[24]" at tea.vhd(47) File: D:/Uni/term6/dsd/DSD_Project/tea.vhd Line: 47
Info (10041): Inferred latch for "k1[25]" at tea.vhd(47) File: D:/Uni/term6/dsd/DSD_Project/tea.vhd Line: 47
Info (10041): Inferred latch for "k1[26]" at tea.vhd(47) File: D:/Uni/term6/dsd/DSD_Project/tea.vhd Line: 47
Info (10041): Inferred latch for "k1[27]" at tea.vhd(47) File: D:/Uni/term6/dsd/DSD_Project/tea.vhd Line: 47
Info (10041): Inferred latch for "k1[28]" at tea.vhd(47) File: D:/Uni/term6/dsd/DSD_Project/tea.vhd Line: 47
Info (10041): Inferred latch for "k1[29]" at tea.vhd(47) File: D:/Uni/term6/dsd/DSD_Project/tea.vhd Line: 47
Info (10041): Inferred latch for "k1[30]" at tea.vhd(47) File: D:/Uni/term6/dsd/DSD_Project/tea.vhd Line: 47
Info (10041): Inferred latch for "k1[31]" at tea.vhd(47) File: D:/Uni/term6/dsd/DSD_Project/tea.vhd Line: 47
Info (10041): Inferred latch for "k0[0]" at tea.vhd(47) File: D:/Uni/term6/dsd/DSD_Project/tea.vhd Line: 47
Info (10041): Inferred latch for "k0[1]" at tea.vhd(47) File: D:/Uni/term6/dsd/DSD_Project/tea.vhd Line: 47
Info (10041): Inferred latch for "k0[2]" at tea.vhd(47) File: D:/Uni/term6/dsd/DSD_Project/tea.vhd Line: 47
Info (10041): Inferred latch for "k0[3]" at tea.vhd(47) File: D:/Uni/term6/dsd/DSD_Project/tea.vhd Line: 47
Info (10041): Inferred latch for "k0[4]" at tea.vhd(47) File: D:/Uni/term6/dsd/DSD_Project/tea.vhd Line: 47
Info (10041): Inferred latch for "k0[5]" at tea.vhd(47) File: D:/Uni/term6/dsd/DSD_Project/tea.vhd Line: 47
Info (10041): Inferred latch for "k0[6]" at tea.vhd(47) File: D:/Uni/term6/dsd/DSD_Project/tea.vhd Line: 47
Info (10041): Inferred latch for "k0[7]" at tea.vhd(47) File: D:/Uni/term6/dsd/DSD_Project/tea.vhd Line: 47
Info (10041): Inferred latch for "k0[8]" at tea.vhd(47) File: D:/Uni/term6/dsd/DSD_Project/tea.vhd Line: 47
Info (10041): Inferred latch for "k0[9]" at tea.vhd(47) File: D:/Uni/term6/dsd/DSD_Project/tea.vhd Line: 47
Info (10041): Inferred latch for "k0[10]" at tea.vhd(47) File: D:/Uni/term6/dsd/DSD_Project/tea.vhd Line: 47
Info (10041): Inferred latch for "k0[11]" at tea.vhd(47) File: D:/Uni/term6/dsd/DSD_Project/tea.vhd Line: 47
Info (10041): Inferred latch for "k0[12]" at tea.vhd(47) File: D:/Uni/term6/dsd/DSD_Project/tea.vhd Line: 47
Info (10041): Inferred latch for "k0[13]" at tea.vhd(47) File: D:/Uni/term6/dsd/DSD_Project/tea.vhd Line: 47
Info (10041): Inferred latch for "k0[14]" at tea.vhd(47) File: D:/Uni/term6/dsd/DSD_Project/tea.vhd Line: 47
Info (10041): Inferred latch for "k0[15]" at tea.vhd(47) File: D:/Uni/term6/dsd/DSD_Project/tea.vhd Line: 47
Info (10041): Inferred latch for "k0[16]" at tea.vhd(47) File: D:/Uni/term6/dsd/DSD_Project/tea.vhd Line: 47
Info (10041): Inferred latch for "k0[17]" at tea.vhd(47) File: D:/Uni/term6/dsd/DSD_Project/tea.vhd Line: 47
Info (10041): Inferred latch for "k0[18]" at tea.vhd(47) File: D:/Uni/term6/dsd/DSD_Project/tea.vhd Line: 47
Info (10041): Inferred latch for "k0[19]" at tea.vhd(47) File: D:/Uni/term6/dsd/DSD_Project/tea.vhd Line: 47
Info (10041): Inferred latch for "k0[20]" at tea.vhd(47) File: D:/Uni/term6/dsd/DSD_Project/tea.vhd Line: 47
Info (10041): Inferred latch for "k0[21]" at tea.vhd(47) File: D:/Uni/term6/dsd/DSD_Project/tea.vhd Line: 47
Info (10041): Inferred latch for "k0[22]" at tea.vhd(47) File: D:/Uni/term6/dsd/DSD_Project/tea.vhd Line: 47
Info (10041): Inferred latch for "k0[23]" at tea.vhd(47) File: D:/Uni/term6/dsd/DSD_Project/tea.vhd Line: 47
Info (10041): Inferred latch for "k0[24]" at tea.vhd(47) File: D:/Uni/term6/dsd/DSD_Project/tea.vhd Line: 47
Info (10041): Inferred latch for "k0[25]" at tea.vhd(47) File: D:/Uni/term6/dsd/DSD_Project/tea.vhd Line: 47
Info (10041): Inferred latch for "k0[26]" at tea.vhd(47) File: D:/Uni/term6/dsd/DSD_Project/tea.vhd Line: 47
Info (10041): Inferred latch for "k0[27]" at tea.vhd(47) File: D:/Uni/term6/dsd/DSD_Project/tea.vhd Line: 47
Info (10041): Inferred latch for "k0[28]" at tea.vhd(47) File: D:/Uni/term6/dsd/DSD_Project/tea.vhd Line: 47
Info (10041): Inferred latch for "k0[29]" at tea.vhd(47) File: D:/Uni/term6/dsd/DSD_Project/tea.vhd Line: 47
Info (10041): Inferred latch for "k0[30]" at tea.vhd(47) File: D:/Uni/term6/dsd/DSD_Project/tea.vhd Line: 47
Info (10041): Inferred latch for "k0[31]" at tea.vhd(47) File: D:/Uni/term6/dsd/DSD_Project/tea.vhd Line: 47
Info (286030): Timing-Driven Synthesis is running
Info (16010): Generating hard_block partition "hard_block:auto_generated_inst"
    Info (16011): Adding 0 node(s), including 0 DDIO, 0 PLL, 0 transceiver and 0 LCELL
Info (21057): Implemented 808 device resources after synthesis - the final resource count might be different
    Info (21058): Implemented 195 input pins
    Info (21059): Implemented 65 output pins
    Info (21061): Implemented 548 logic cells
Info: Quartus Prime Analysis & Synthesis was successful. 0 errors, 18 warnings
    Info: Peak virtual memory: 4871 megabytes
    Info: Processing ended: Mon Jun 28 22:02:19 2021
    Info: Elapsed time: 00:00:13
    Info: Total CPU time (on all processors): 00:00:27


