------------------------------------------------------------
Timing Analyzer Summary
------------------------------------------------------------

Type  : Slow 1100mV 85C Model Setup 'clk'
Slack : 0.474
TNS   : 0.000

Type  : Slow 1100mV 85C Model Hold 'clk'
Slack : 0.327
TNS   : 0.000

Type  : Slow 1100mV 85C Model Minimum Pulse Width 'clk'
Slack : 0.401
TNS   : 0.000

Type  : Slow 1100mV 0C Model Setup 'clk'
Slack : 0.444
TNS   : 0.000

Type  : Slow 1100mV 0C Model Hold 'clk'
Slack : 0.302
TNS   : 0.000

Type  : Slow 1100mV 0C Model Minimum Pulse Width 'clk'
Slack : 0.322
TNS   : 0.000

Type  : Fast 1100mV 85C Model Setup 'clk'
Slack : 1.120
TNS   : 0.000

Type  : Fast 1100mV 85C Model Hold 'clk'
Slack : 0.182
TNS   : 0.000

Type  : Fast 1100mV 85C Model Minimum Pulse Width 'clk'
Slack : 0.422
TNS   : 0.000

Type  : Fast 1100mV 0C Model Setup 'clk'
Slack : 1.161
TNS   : 0.000

Type  : Fast 1100mV 0C Model Hold 'clk'
Slack : 0.174
TNS   : 0.000

Type  : Fast 1100mV 0C Model Minimum Pulse Width 'clk'
Slack : 0.420
TNS   : 0.000

------------------------------------------------------------
